 тЪа Linting is disabled.
  тЦ▓ Next.js 14.2.5
  - Environments: .env.local

